// Jest Snapshot v1, https://goo.gl/fbAQLP

exports[`Home renders homepage unchanged 1`] = `"<div class="sc-1a67062-0 kaaXyl"><main class="sc-1a67062-1 gaQGMz"><h1 class="sc-1a67062-2 bmEpcN">Weather app</h1><a href="/citiesList">Favourited cities</a><div class="sc-6de51f50-0 jowzkp"><div style="color: rgb(17, 17, 17); height: 24px; width: 32px; position: absolute; right: 20px; top: 25px;"><svg width="24" height="24" viewBox="0 0 24 24" focusable="false" role="presentation"><path d="M16.436 15.085l3.94 4.01a1 1 0 0 1-1.425 1.402l-3.938-4.006a7.5 7.5 0 1 1 1.423-1.406zM10.5 16a5.5 5.5 0 1 0 0-11 5.5 5.5 0 0 0 0 11z" fill="currentColor" fill-rule="evenodd"></path></svg></div><input placeholder="Search some place..." class="sc-6de51f50-1 cxVRPx"><ul class="sc-6de51f50-2 lezpQt"></ul></div>Weather is Loading!</main></div>"`;
