// Jest Snapshot v1, https://goo.gl/fbAQLP

exports[`Home should renders homepage unchanged 1`] = `"<div class="sc-f4c4221c-0 eRLUiP"><main class="sc-f4c4221c-1 gNtzww"><h1 class="sc-f4c4221c-2 mfEmD">Weather app</h1><nav class="sc-f4c4221c-12 gzyYfn"><a href="/">Search</a><a href="/citiesList">Cities list</a></nav><div class="sc-95d181e1-0 iHgbjV"><button style="background-color: transparent; color: rgb(17, 17, 17); height: 24px; width: 32px; position: absolute; right: 22px; top: 28px;"><svg width="24" height="24" viewBox="0 0 24 24" focusable="false" role="presentation"><path d="M16.436 15.085l3.94 4.01a1 1 0 0 1-1.425 1.402l-3.938-4.006a7.5 7.5 0 1 1 1.423-1.406zM10.5 16a5.5 5.5 0 1 0 0-11 5.5 5.5 0 0 0 0 11z" fill="currentColor" fill-rule="evenodd"></path></svg></button><input placeholder="Search some place..." class="sc-95d181e1-1 iQPuYh"><ul class="sc-95d181e1-2 eFqTxd"></ul></div><div class="sc-20aa84a2-0 dSKZfi"></div></main></div>"`;
